// Jest Snapshot v1, https://jestjs.io/docs/snapshot-testing

exports[`Azure Key Vault With Defaults renders an Azure Key Vault with defaults and checks snapshot 1`] = `
"{
  "output": {
    "id": {
      "value": "\${azapi_resource.testAzureKeyVaultDefaults_vault_271F4362.id}"
    },
    "location": {
      "value": "\${azapi_resource.testAzureKeyVaultDefaults_vault_271F4362.location}"
    },
    "name": {
      "value": "\${azapi_resource.testAzureKeyVaultDefaults_vault_271F4362.name}"
    },
    "vaultUri": {
      "value": "\${jsondecode(azapi_resource.testAzureKeyVaultDefaults_vault_271F4362.output).properties.vaultUri}"
    }
  },
  "provider": {
    "azapi": [
      {
      }
    ]
  },
  "resource": {
    "azapi_resource": {
      "testAzureKeyVaultDefaults_resource-group-resource_FF58E6F0": {
        "lifecycle": [
          {
            "ignore_changes": [
            ]
          }
        ],
        "location": "eastus",
        "name": "rg-test",
        "type": "Microsoft.Resources/resourceGroups@2022-09-01"
      },
      "testAzureKeyVaultDefaults_vault_271F4362": {
        "body": {
          "properties": {
            "enablePurgeProtection": true,
            "enableSoftDelete": true,
            "sku": {
              "family": "A",
              "name": "standard"
            },
            "softDeleteRetentionInDays": 90,
            "tenantId": "123e4567-e89b-12d3-a456-426614174000"
          }
        },
        "location": "eastus",
        "name": "kv-test",
        "parent_id": "\${azapi_resource.testAzureKeyVaultDefaults_resource-group-resource_FF58E6F0.id}",
        "type": "Microsoft.KeyVault/vaults@2023-07-01"
      }
    }
  },
  "terraform": {
    "required_providers": {
      "azapi": {
        "source": "Azure/azapi",
        "version": "2.4.0"
      }
    }
  }
}"
`;
