// Jest Snapshot v1, https://jestjs.io/docs/snapshot-testing

exports[`Resource Group With Defaults renders a Resource Group with defaults and checks snapshot 1`] = `
"{
  "output": {
    "id": {
      "value": "\${azurerm_resource_group.testRG_rg_D9B234FB.id}"
    },
    "location": {
      "value": "\${azurerm_resource_group.testRG_rg_D9B234FB.location}"
    },
    "name": {
      "value": "\${azurerm_resource_group.testRG_rg_D9B234FB.name}"
    }
  },
  "provider": {
    "azurerm": [
      {
        "features": [
          {
          }
        ],
        "subscription_id": "635ff6b0-25c0-4b95-ae39-e04703583504"
      }
    ]
  },
  "resource": {
    "azurerm_resource_group": {
      "testRG_rg_D9B234FB": {
        "lifecycle": [
          {
            "ignore_changes": [
            ]
          }
        ],
        "location": "eastus",
        "name": "rg-test"
      }
    }
  },
  "terraform": {
    "required_providers": {
      "azurerm": {
        "source": "azurerm",
        "version": "4.34.0"
      }
    }
  }
}"
`;
