// Jest Snapshot v1, https://goo.gl/fbAQLP

exports[`Azure Datalake With Defaults renders an Azure Storage Account with defaults and checks snapshot 1`] = `
"{
  "output": {
    "id": {
      "value": "\${azapi_resource.storageaccountstorageAccount_storageaccountstorageAccount-storage_402F6BD7.id}"
    },
    "location": {
      "value": "\${azapi_resource.storageaccountstorageAccount_storageaccountstorageAccount-storage_402F6BD7.location}"
    },
    "name": {
      "value": "\${azapi_resource.storageaccountstorageAccount_storageaccountstorageAccount-storage_402F6BD7.name}"
    }
  },
  "provider": {
    "azapi": [
      {
      }
    ]
  },
  "resource": {
    "azapi_resource": {
      "storageaccount_resource-group-resource_A99B4F9D": {
        "lifecycle": [
          {
            "ignore_changes": [
            ]
          }
        ],
        "location": "eastus",
        "name": "rg-storageaccount42348808",
        "type": "Microsoft.Resources/resourceGroups@2022-09-01"
      },
      "storageaccountstorageAccount_storageaccountstorageAccount-storage_402F6BD7": {
        "body": {
          "kind": "StorageV2",
          "properties": {
            "accessTier": "Hot",
            "allowBlobPublicAccess": true,
            "allowCrossTenantReplication": true,
            "allowSharedKeyAccess": true,
            "isHnsEnabled": true,
            "minimumTlsVersion": "TLS1_2",
            "publicNetworkAccess": "Enabled",
            "supportsHttpsTrafficOnly": true
          },
          "sku": {
            "name": "Standard_LRS"
          }
        },
        "location": "eastus",
        "name": "storageaccount42348808",
        "parent_id": "\${azapi_resource.storageaccount_resource-group-resource_A99B4F9D.id}",
        "type": "Microsoft.Storage/storageAccounts@2023-05-01"
      }
    }
  },
  "terraform": {
    "required_providers": {
      "azapi": {
        "source": "Azure/azapi",
        "version": "2.4.0"
      }
    }
  }
}"
`;
