// Jest Snapshot v1, https://goo.gl/fbAQLP

exports[`Azure Metric Alert With Defaults renders an Azure Metric Alert with defaults and checks snapshot 1`] = `
"{
  "output": {
    "id": {
      "value": "\${azapi_resource.testAzureQueryRuleAlert_metricAlert_7716E17C.id}"
    },
    "location": {
      "value": "\${azapi_resource.MyResourceGroup-resource.location}"
    },
    "name": {
      "value": "\${azapi_resource.MyResourceGroup-resource.name}"
    }
  },
  "provider": {
    "azapi": [
      {
      }
    ]
  },
  "resource": {
    "azapi_resource": {
      "MyResourceGroup-resource": {
        "lifecycle": [
          {
            "ignore_changes": [
            ]
          }
        ],
        "location": "eastus",
        "name": "rg-test",
        "type": "Microsoft.Resources/resourceGroups@2022-09-01"
      },
      "testAzureQueryRuleAlert_metricAlert_7716E17C": {
        "body": {
          "properties": {
            "autoMitigate": true,
            "criteria": [
              {
                "criterionType": "StaticThresholdCriterion",
                "dimensions": [
                ],
                "metricName": "Heartbeat",
                "metricNamespace": "Microsoft.operationalinsights/workspaces",
                "name": "Heartbeat",
                "operator": "LessThan",
                "threshold": 0,
                "timeAggregation": "Average"
              }
            ],
            "enabled": true,
            "evaluationFrequency": "PT5M",
            "scopes": [
              "/subscriptions/00000000-0000-0000-0000-000000000000"
            ],
            "severity": 3,
            "windowSize": "PT5M"
          }
        },
        "location": "\${azapi_resource.MyResourceGroup-resource.location}",
        "name": "metric alert test",
        "parent_id": "\${azapi_resource.MyResourceGroup-resource.id}",
        "type": "Microsoft.Insights/metricAlerts@2018-03-01"
      }
    }
  },
  "terraform": {
    "required_providers": {
      "azapi": {
        "source": "Azure/azapi",
        "version": "2.4.0"
      }
    }
  }
}"
`;
