// Jest Snapshot v1, https://goo.gl/fbAQLP

exports[`Azure Linux Virtual Machine Scale Set With Defaults renders an Azure Linux Virtual Machine  Scale Set with defaults and checks snapshot 1`] = `
"{
  "output": {
    "id": {
      "value": "\${azapi_resource.testVirtualMachineScaleSet_vmss_4AC909AF.id}"
    },
    "location": {
      "value": "\${azapi_resource.testVirtualMachineScaleSet_vnet_6B0AF69B.location}"
    },
    "name": {
      "value": "\${azapi_resource.testVirtualMachineScaleSet_vmss_4AC909AF.name}"
    }
  },
  "provider": {
    "azapi": [
      {
      }
    ]
  },
  "resource": {
    "azapi_resource": {
      "testVirtualMachineScaleSet_rg-resource_1A8A682B": {
        "lifecycle": [
          {
            "ignore_changes": [
            ]
          }
        ],
        "location": "eastus",
        "name": "rg-testAzureVMSSWithDefaults",
        "type": "Microsoft.Resources/resourceGroups@2022-09-01"
      },
      "testVirtualMachineScaleSet_vmss_4AC909AF": {
        "body": {
          "properties": {
            "overprovision": true,
            "upgradePolicy": {
              "mode": "Manual"
            },
            "virtualMachineProfile": {
              "networkProfile": {
                "networkInterfaceConfigurations": [
                  {
                    "name": "nic-testAzureVMSSWithDefaults",
                    "properties": {
                      "ipConfigurations": [
                        {
                          "name": "internal",
                          "properties": {
                            "primary": true,
                            "subnet": {
                              "id": "\${azapi_resource.testVirtualMachineScaleSet_vnet_subnet-default_7FB48C92.id}"
                            }
                          }
                        }
                      ],
                      "primary": true
                    }
                  }
                ]
              },
              "osProfile": {
                "adminUsername": "admintestAzureVMSSWithDefaults",
                "computerNamePrefix": "testAzureVMSSWithDefaults",
                "linuxConfiguration": {
                  "disablePasswordAuthentication": true,
                  "enableVMAgentPlatformUpdates": false,
                  "patchSettings": {
                    "assessmentMode": "ImageDefault",
                    "patchMode": "ImageDefault"
                  },
                  "provisionVMAgent": true
                }
              },
              "storageProfile": {
                "imageReference": {
                  "offer": "0001-com-ubuntu-server-jammy",
                  "publisher": "Canonical",
                  "sku": "22_04-lts-gen2",
                  "version": "latest"
                },
                "osDisk": {
                  "caching": "ReadWrite",
                  "createOption": "FromImage",
                  "managedDisk": {
                    "storageAccountType": "Standard_LRS"
                  }
                }
              }
            }
          },
          "sku": {
            "capacity": 1,
            "name": "Standard_B2s",
            "tier": "Standard"
          }
        },
        "location": "eastus",
        "name": "testAzureVMSSWithDefaults",
        "parent_id": "\${azapi_resource.testVirtualMachineScaleSet_rg-resource_1A8A682B.id}",
        "type": "Microsoft.Compute/virtualMachineScaleSets@2023-09-01"
      },
      "testVirtualMachineScaleSet_vnet_6B0AF69B": {
        "body": {
          "properties": {
            "addressSpace": {
              "addressPrefixes": [
                "10.0.0.0/16"
              ]
            },
            "subnets": [
              {
                "name": "default",
                "properties": {
                  "addressPrefix": "10.1.0.0/24"
                }
              }
            ]
          }
        },
        "location": "eastus",
        "name": "vnet-testAzureVMSSWithDefaults",
        "parent_id": "\${azapi_resource.testVirtualMachineScaleSet_vnet_rg-resource_B1B9A410.id}",
        "type": "Microsoft.Network/virtualNetworks@2023-09-01"
      },
      "testVirtualMachineScaleSet_vnet_rg-resource_B1B9A410": {
        "lifecycle": [
          {
            "ignore_changes": [
            ]
          }
        ],
        "location": "eastus",
        "name": "rg-testAzureVMSSWithDefaults",
        "type": "Microsoft.Resources/resourceGroups@2022-09-01"
      },
      "testVirtualMachineScaleSet_vnet_subnet-default_7FB48C92": {
        "body": {
          "properties": {
            "addressPrefixes": [
              "10.1.0.0/24"
            ]
          }
        },
        "name": "default",
        "parent_id": "\${azapi_resource.testVirtualMachineScaleSet_vnet_6B0AF69B.id}",
        "type": "Microsoft.Network/virtualNetworks/subnets@2023-09-01"
      }
    }
  },
  "terraform": {
    "required_providers": {
      "azapi": {
        "source": "Azure/azapi",
        "version": "2.4.0"
      }
    }
  }
}"
`;
