// Jest Snapshot v1, https://goo.gl/fbAQLP

exports[`Azure Kubernetes Cluster With Defaults renders an Azure Kubernetes Cluster with defaults and checks snapshot 1`] = `
"{
  "output": {
    "id": {
      "value": "\${azapi_resource.testAksCluster_resource-group-resource_091B14E3.id}"
    },
    "location": {
      "value": "\${azapi_resource.testAksCluster_resource-group-resource_091B14E3.location}"
    },
    "name": {
      "value": "\${azapi_resource.testAksCluster_resource-group-resource_091B14E3.name}"
    },
    "testAksCluster_aks_fqdn_B96F9F3B": {
      "value": "\${jsondecode(azapi_resource.testAksCluster_aks_9A5F2BEC.output).properties.fqdn}"
    },
    "testAksCluster_aks_id_59CDD10A": {
      "value": "\${azapi_resource.testAksCluster_aks_9A5F2BEC.id}"
    },
    "testAksCluster_aks_name_5B7A70D8": {
      "value": "\${azapi_resource.testAksCluster_aks_9A5F2BEC.name}"
    }
  },
  "provider": {
    "azapi": [
      {
      }
    ]
  },
  "resource": {
    "azapi_resource": {
      "testAksCluster_aks_9A5F2BEC": {
        "body": {
          "identity": {
            "type": "SystemAssigned"
          },
          "properties": {
            "agentPoolProfiles": [
              {
                "count": 1,
                "name": "default",
                "type": "VirtualMachineScaleSets",
                "vmSize": "Standard_B2s"
              }
            ],
            "dnsPrefix": "akstest",
            "enableRBAC": true
          }
        },
        "location": "eastus",
        "name": "akstest",
        "parent_id": "\${azapi_resource.testAksCluster_resource-group-resource_091B14E3.id}",
        "type": "Microsoft.ContainerService/managedClusters@2023-10-01"
      },
      "testAksCluster_resource-group-resource_091B14E3": {
        "lifecycle": [
          {
            "ignore_changes": [
            ]
          }
        ],
        "location": "eastus",
        "name": "rg-akstest",
        "type": "Microsoft.Resources/resourceGroups@2022-09-01"
      }
    }
  },
  "terraform": {
    "required_providers": {
      "azapi": {
        "source": "Azure/azapi",
        "version": "2.4.0"
      }
    }
  }
}"
`;
