// Jest Snapshot v1, https://goo.gl/fbAQLP

exports[`Azure Network Security Group With Defaults renders an Azure Network Security Group with defaults and checks snapshot 1`] = `
"{
  "output": {
    "id": {
      "value": "\${azapi_resource.testAzureNetworkSecurityGroupDefaults_rg-resource_8B250043.id}"
    },
    "location": {
      "value": "\${azapi_resource.testAzureNetworkSecurityGroupDefaults_rg-resource_8B250043.location}"
    },
    "name": {
      "value": "\${azapi_resource.testAzureNetworkSecurityGroupDefaults_rg-resource_8B250043.name}"
    }
  },
  "provider": {
    "azapi": [
      {
      }
    ]
  },
  "resource": {
    "azapi_resource": {
      "testAzureNetworkSecurityGroupDefaults_nsg_EF1D027C": {
        "body": {
          "properties": {
            "securityRules": [
              {
                "name": "SSH",
                "properties": {
                  "access": "Allow",
                  "destinationAddressPrefix": "*",
                  "destinationPortRange": "22",
                  "direction": "Inbound",
                  "priority": 501,
                  "protocol": "Tcp",
                  "sourceAddressPrefix": "10.0.0.0/24",
                  "sourcePortRange": "*"
                }
              }
            ]
          }
        },
        "location": "eastus",
        "name": "my-nsg",
        "parent_id": "\${azapi_resource.testAzureNetworkSecurityGroupDefaults_rg-resource_8B250043.id}",
        "type": "Microsoft.Network/networkSecurityGroups@2023-11-01"
      },
      "testAzureNetworkSecurityGroupDefaults_rg-resource_8B250043": {
        "lifecycle": [
          {
            "ignore_changes": [
            ]
          }
        ],
        "location": "eastus",
        "name": "rg-my-nsg",
        "type": "Microsoft.Resources/resourceGroups@2022-09-01"
      }
    }
  },
  "terraform": {
    "required_providers": {
      "azapi": {
        "source": "Azure/azapi",
        "version": "2.4.0"
      }
    }
  }
}"
`;
