// Jest Snapshot v1, https://goo.gl/fbAQLP

exports[`Azure Query Rule Alert With Defaults renders an Azure Query Rule Alert with defaults and checks snapshot 1`] = `
"{
  "output": {
    "id": {
      "value": "\${azapi_resource.MyResourceGroup-resource.id}"
    },
    "location": {
      "value": "\${azapi_resource.MyResourceGroup-resource.location}"
    },
    "name": {
      "value": "\${azapi_resource.MyResourceGroup-resource.name}"
    },
    "query_rule_alert_id": {
      "value": "\${azapi_resource.testAzureQueryRuleAlert_testAzureQueryRuleAlert-alert_9EDF5728.id}"
    }
  },
  "provider": {
    "azapi": [
      {
      }
    ]
  },
  "resource": {
    "azapi_resource": {
      "MyResourceGroup-resource": {
        "lifecycle": [
          {
            "ignore_changes": [
            ]
          }
        ],
        "location": "eastus",
        "name": "rg-test",
        "type": "Microsoft.Resources/resourceGroups@2022-09-01"
      },
      "testAzureQueryRuleAlert_testAzureQueryRuleAlert-alert_9EDF5728": {
        "body": {
          "properties": {
            "autoMitigate": false,
            "checkWorkspaceAlertsStorageConfigured": false,
            "criteria": [
              {
                "failingPeriods": {
                  "minFailingPeriodsToAlert": 1,
                  "numberOfEvaluationPeriods": 1
                },
                "operator": "GreaterThan",
                "query": "\\nAppExceptions \\n| where Message has \\"file can not be reloaded\\"\\n",
                "threshold": 100,
                "timeAggregationMethod": "Count"
              }
            ],
            "enabled": true,
            "evaluationFrequency": "PT5M",
            "scopes": [
              "/subscriptions/00000000-0000-0000-0000-000000000000"
            ],
            "severity": 3,
            "skipQueryValidation": true,
            "windowSize": "PT30M"
          }
        },
        "location": "eastus",
        "name": "alert test",
        "parent_id": "\${azapi_resource.MyResourceGroup-resource.id}",
        "schema_validation_enabled": false,
        "type": "Microsoft.Insights/scheduledQueryRules@2023-03-15-preview"
      }
    }
  },
  "terraform": {
    "required_providers": {
      "azapi": {
        "source": "Azure/azapi",
        "version": "2.4.0"
      }
    }
  }
}"
`;
