// Jest Snapshot v1, https://goo.gl/fbAQLP

exports[`Azure Linux Virtual Machine With Defaults renders an Azure Linux Virtual Machine with defaults and checks snapshot 1`] = `
"{
  "output": {
    "id": {
      "value": "\${azapi_resource.testVirtualMachine_vm_3FD746F5.id}"
    },
    "location": {
      "value": "\${azapi_resource.testVirtualMachine_vnet_029EB3FA.location}"
    },
    "name": {
      "value": "\${azapi_resource.testVirtualMachine_vm_3FD746F5.name}"
    }
  },
  "provider": {
    "azapi": [
      {
      }
    ]
  },
  "resource": {
    "azapi_resource": {
      "testVirtualMachine_nic_45477852": {
        "body": {
          "properties": {
            "ipConfigurations": [
              {
                "name": "internal",
                "properties": {
                  "privateIPAllocationMethod": "Dynamic",
                  "subnet": {
                    "id": "\${azapi_resource.testVirtualMachine_vnet_subnet-default_F770BFB9.id}"
                  }
                }
              }
            ]
          }
        },
        "location": "eastus",
        "name": "nic-testAzureVMWithDefaults",
        "parent_id": "\${azapi_resource.testVirtualMachine_resource-group-resource_94B5677D.id}",
        "type": "Microsoft.Network/networkInterfaces@2023-09-01"
      },
      "testVirtualMachine_resource-group-resource_94B5677D": {
        "lifecycle": [
          {
            "ignore_changes": [
            ]
          }
        ],
        "location": "eastus",
        "name": "rg-testAzureVMWithDefaults",
        "type": "Microsoft.Resources/resourceGroups@2022-09-01"
      },
      "testVirtualMachine_vm_3FD746F5": {
        "body": {
          "properties": {
            "hardwareProfile": {
              "vmSize": "Standard_B2s"
            },
            "networkProfile": {
              "networkInterfaces": [
                {
                  "id": "\${azapi_resource.testVirtualMachine_nic_45477852.id}",
                  "properties": {
                    "primary": true
                  }
                }
              ]
            },
            "osProfile": {
              "adminUsername": "admintestAzureVMWithDefaults",
              "computerName": "testAzureVMWithDefaults",
              "linuxConfiguration": {
                "disablePasswordAuthentication": true
              }
            },
            "storageProfile": {
              "imageReference": {
                "offer": "0001-com-ubuntu-server-jammy",
                "publisher": "Canonical",
                "sku": "22_04-lts-gen2",
                "version": "latest"
              },
              "osDisk": {
                "caching": "ReadWrite",
                "createOption": "FromImage",
                "managedDisk": {
                  "storageAccountType": "Standard_LRS"
                }
              }
            }
          }
        },
        "location": "eastus",
        "name": "testAzureVMWithDefaults",
        "parent_id": "\${azapi_resource.testVirtualMachine_resource-group-resource_94B5677D.id}",
        "type": "Microsoft.Compute/virtualMachines@2023-09-01"
      },
      "testVirtualMachine_vnet_029EB3FA": {
        "body": {
          "properties": {
            "addressSpace": {
              "addressPrefixes": [
                "10.0.0.0/16"
              ]
            },
            "subnets": [
              {
                "name": "default",
                "properties": {
                  "addressPrefix": "10.1.0.0/24"
                }
              }
            ]
          }
        },
        "location": "eastus",
        "name": "vnet-testAzureVMWithDefaults",
        "parent_id": "\${azapi_resource.testVirtualMachine_resource-group-resource_94B5677D.id}",
        "type": "Microsoft.Network/virtualNetworks@2023-09-01"
      },
      "testVirtualMachine_vnet_subnet-default_F770BFB9": {
        "body": {
          "properties": {
            "addressPrefixes": [
              "10.1.0.0/24"
            ]
          }
        },
        "name": "default",
        "parent_id": "\${azapi_resource.testVirtualMachine_vnet_029EB3FA.id}",
        "type": "Microsoft.Network/virtualNetworks/subnets@2023-09-01"
      }
    }
  },
  "terraform": {
    "required_providers": {
      "azapi": {
        "source": "Azure/azapi",
        "version": "2.4.0"
      }
    }
  }
}"
`;
