// Jest Snapshot v1, https://goo.gl/fbAQLP

exports[`Azure Storage Account With Defaults renders an Azure Storage Account with defaults and checks snapshot 1`] = `
"{
  "output": {
    "id": {
      "value": "\${azapi_resource.storageaccount_storageaccount-storage_8973B560.id}"
    },
    "location": {
      "value": "\${azapi_resource.storageaccount_storageaccount-storage_8973B560.location}"
    },
    "name": {
      "value": "\${azapi_resource.storageaccount_storageaccount-storage_8973B560.name}"
    }
  },
  "provider": {
    "azapi": [
      {
      }
    ]
  },
  "resource": {
    "azapi_resource": {
      "storageaccount_storageaccount-rg-resource_40703754": {
        "lifecycle": [
          {
            "ignore_changes": [
            ]
          }
        ],
        "location": "eastus",
        "name": "rg-test42348808",
        "type": "Microsoft.Resources/resourceGroups@2022-09-01"
      },
      "storageaccount_storageaccount-storage_8973B560": {
        "body": {
          "kind": "StorageV2",
          "properties": {
            "accessTier": "Hot",
            "allowBlobPublicAccess": true,
            "allowCrossTenantReplication": true,
            "allowSharedKeyAccess": true,
            "isHnsEnabled": false,
            "minimumTlsVersion": "TLS1_2",
            "publicNetworkAccess": "Enabled",
            "supportsHttpsTrafficOnly": true
          },
          "sku": {
            "name": "Standard_LRS"
          }
        },
        "location": "eastus",
        "name": "test42348808",
        "parent_id": "\${azapi_resource.storageaccount_storageaccount-rg-resource_40703754.id}",
        "type": "Microsoft.Storage/storageAccounts@2023-05-01"
      }
    }
  },
  "terraform": {
    "required_providers": {
      "azapi": {
        "source": "Azure/azapi",
        "version": "2.4.0"
      }
    }
  }
}"
`;
