// Jest Snapshot v1, https://jestjs.io/docs/snapshot-testing

exports[`Azure Function App With Defaults (AzAPI) renders an Azure Function App with defaults and checks snapshot 1`] = `
"{
  "output": {
    "default_hostname": {
      "value": "\${azapi_resource.testAzureFunctionApp_functionapp_A52554F7.output}"
    },
    "id": {
      "value": "\${azapi_resource.testAzureFunctionApp_functionapp_A52554F7.id}"
    },
    "location": {
      "value": "\${azapi_resource.testAzureFunctionApp_functionapp_A52554F7.location}"
    },
    "name": {
      "value": "\${azapi_resource.testAzureFunctionApp_functionapp_A52554F7.name}"
    }
  },
  "provider": {
    "azapi": [
      {
      }
    ]
  },
  "resource": {
    "azapi_resource": {
      "testAzureFunctionApp_functionapp_A52554F7": {
        "body": {
          "kind": "functionapp,linux",
          "properties": {
            "enabled": true,
            "siteConfig": {
              "alwaysOn": false,
              "linuxFxVersion": "NODE|18"
            }
          }
        },
        "location": "eastus",
        "name": "fatest",
        "parent_id": "\${azapi_resource.testAzureFunctionApp_resource-group-resource_78A2A8E7.id}",
        "type": "Microsoft.Web/sites@2023-12-01"
      },
      "testAzureFunctionApp_resource-group-resource_78A2A8E7": {
        "lifecycle": [
          {
            "ignore_changes": [
            ]
          }
        ],
        "location": "eastus",
        "name": "rg-fatest",
        "type": "Microsoft.Resources/resourceGroups@2022-09-01"
      }
    }
  },
  "terraform": {
    "required_providers": {
      "azapi": {
        "source": "Azure/azapi",
        "version": "2.4.0"
      }
    }
  }
}"
`;
