// Jest Snapshot v1, https://jestjs.io/docs/snapshot-testing

exports[`Azure Eventhub With Defaults renders an Azure Eventhub with defaults and checks snapshot 1`] = `
"{
  "output": {
    "id": {
      "value": "\${azapi_resource.testAzureEventhubDefaults_namespace_C9414279.id}"
    },
    "location": {
      "value": "\${azapi_resource.testAzureEventhubDefaults_namespace_C9414279.location}"
    },
    "name": {
      "value": "\${azapi_resource.testAzureEventhubDefaults_namespace_C9414279.name}"
    },
    "service_bus_endpoint": {
      "value": "\${azapi_resource.testAzureEventhubDefaults_namespace_C9414279.output}"
    }
  },
  "provider": {
    "azapi": [
      {
      }
    ]
  },
  "resource": {
    "azapi_resource": {
      "testAzureEventhubDefaults_namespace_C9414279": {
        "body": {
          "properties": {
            "disableLocalAuth": false,
            "minimumTlsVersion": "1.2",
            "publicNetworkAccess": "Enabled"
          },
          "sku": {
            "capacity": 1,
            "name": "Standard",
            "tier": "Standard"
          }
        },
        "location": "eastus",
        "name": "eh-test-namespace",
        "parent_id": "\${azapi_resource.testAzureEventhubDefaults_resource-group-resource_572C8529.id}",
        "tags": {
          "test": "test"
        },
        "type": "Microsoft.EventHub/namespaces@2023-01-01-preview"
      },
      "testAzureEventhubDefaults_resource-group-resource_572C8529": {
        "lifecycle": [
          {
            "ignore_changes": [
            ]
          }
        ],
        "location": "eastus",
        "name": "rg-eh-test-namespace",
        "tags": {
          "test": "test"
        },
        "type": "Microsoft.Resources/resourceGroups@2022-09-01"
      }
    }
  },
  "terraform": {
    "required_providers": {
      "azapi": {
        "source": "Azure/azapi",
        "version": "2.4.0"
      }
    }
  }
}"
`;
